1 8 5
8 5 2
5 2 7
2 7 4
7 4 8
4 8 6
8 6 1
6 1 8
1 8 3
8 3 6
3 6 2
6 2 8
2 8 6
8 6 7
6 7 3
7 3 2
3 2 1
2 1 8
1 8 5
8 5 9
5 9 3
9 3 9
3 9 7
9 7 8
7 8 6
8 6 5
6 5 8
5 8 6
8 6 4
6 4 2
4 2 7
2 7 7
7 7 6
7 6 3
6 3 8
3 8 6
